# E10 (U22): continuation schedule sweep, medians over seeds.
# schedules: ['direct', '[0]', '[1,0]', '[2,1,0]', '[4,2,1,0]', '[8,4,2,1,0]', '[16,8,4,2,1,0]']
#   cartoon  B=  8 greedy  done [11s]
#   cartoon  B=  8 random  done [50s]
#   cartoon  B= 32 greedy  done [122s]
#   cartoon  B= 32 random  done [438s]
#   ascent   B=  8 greedy  done [512s]
#   ascent   B=  8 random  done [546s]
#   ascent   B= 32 greedy  done [594s]
#   ascent   B= 32 random  done [730s]
#   face     B=  8 greedy  done [743s]
#   face     B=  8 random  done [776s]
#   face     B= 32 greedy  done [821s]
#   face     B= 32 random  done [957s]

# control: schedule [0] reproduces direct in 12/12 cells -> machinery ok

        schedule  median vs direct  better  worse  worst cell
           [1,0]            -2.87%       9      3       +8.9%
         [2,1,0]            -2.33%       9      3      +15.9%
       [4,2,1,0]            -1.40%       7      5      +10.7%
     [8,4,2,1,0]            +0.82%       4      8      +14.4%
  [16,8,4,2,1,0]            +4.81%       4      8      +31.5%

# best schedule by median: [1,0] (-2.87%), better in 9/12 cells that moved
# negative = continuation beat direct refinement at equal final-stage
# compute, with the coarse stages given free on top.
